Processing black_F407VE-EEPROM-SPI (platform: ststm32; framework: arduino; board: black_f407ve)
--------------------------------------------------------------------------------
Verbose mode can be enabled via `-v, --verbose` option
CONFIGURATION: https://docs.platformio.org/page/boards/ststm32/black_f407ve.html
PLATFORM: ST STM32 (19.4.0) > Black STM32F407VE
HARDWARE: STM32F407VET6 168MHz, 128KB RAM, 512KB Flash
DEBUG: Current (stlink) External (blackmagic, cmsis-dap, jlink, stlink)
PACKAGES:
 - framework-arduinoststm32 @ 4.21100.0 (2.11.0)
 - framework-cmsis @ 2.50900.0 (5.9.0)
 - tool-dfuutil @ 1.11.0
 - toolchain-gccarmnoneeabi @ 1.120301.0 (12.3.1)
LDF: Library Dependency Finder -> https://bit.ly/configure-pio-ldf
LDF Modes: Finder ~ chain, Compatibility ~ soft
Found 19 compatible libraries
Scanning dependencies...
Dependency Graph
|-- STM32duino RTC @ 1.2.0
|-- SdFat @ 2.3.1
|-- SimplyAtomic @ 1.0.0
|-- elapsedMillis @ 1.0.6
|-- SPI @ 1.1.0
Building in release mode
Compiling .pio\build\black_F407VE-EEPROM-SPI\USBDevice\src\USBSerial.cpp.o
Compiling .pio\build\black_F407VE-EEPROM-SPI\USBDevice\src\cdc\cdc_queue.c.o
Compiling .pio\build\black_F407VE-EEPROM-SPI\USBDevice\src\cdc\usbd_cdc.c.o
Compiling .pio\build\black_F407VE-EEPROM-SPI\USBDevice\src\cdc\usbd_cdc_if.c.o
Compiling .pio\build\black_F407VE-EEPROM-SPI\USBDevice\src\hid\usbd_hid_composite.c.o
Compiling .pio\build\black_F407VE-EEPROM-SPI\USBDevice\src\hid\usbd_hid_composite_if.c.o
Compiling .pio\build\black_F407VE-EEPROM-SPI\USBDevice\src\usb_device_core.c.o
Compiling .pio\build\black_F407VE-EEPROM-SPI\USBDevice\src\usb_device_ctlreq.c.o
Compiling .pio\build\black_F407VE-EEPROM-SPI\USBDevice\src\usb_device_ioreq.c.o
Compiling .pio\build\black_F407VE-EEPROM-SPI\USBDevice\src\usbd_conf.c.o
Compiling .pio\build\black_F407VE-EEPROM-SPI\USBDevice\src\usbd_desc.c.o
Compiling .pio\build\black_F407VE-EEPROM-SPI\USBDevice\src\usbd_ep_conf.c.o
Compiling .pio\build\black_F407VE-EEPROM-SPI\USBDevice\src\usbd_if.c.o
Compiling .pio\build\black_F407VE-EEPROM-SPI\FrameworkArduinoVariant\PeripheralPins.c.o
Compiling .pio\build\black_F407VE-EEPROM-SPI\FrameworkArduinoVariant\PeripheralPins_ARMED_V1.c.o
Compiling .pio\build\black_F407VE-EEPROM-SPI\FrameworkArduinoVariant\PeripheralPins_BLACK_F407VX.c.o
Compiling .pio\build\black_F407VE-EEPROM-SPI\FrameworkArduinoVariant\PeripheralPins_BLUE_F407VE_MINI.c.o
Compiling .pio\build\black_F407VE-EEPROM-SPI\FrameworkArduinoVariant\PeripheralPins_FK407M1.c.o
Compiling .pio\build\black_F407VE-EEPROM-SPI\FrameworkArduinoVariant\PeripheralPins_PRNTR_V1.c.o
Compiling .pio\build\black_F407VE-EEPROM-SPI\FrameworkArduinoVariant\PeripheralPins_PRNTR_V2.c.o
Compiling .pio\build\black_F407VE-EEPROM-SPI\FrameworkArduinoVariant\generic_clock.c.o
Compiling .pio\build\black_F407VE-EEPROM-SPI\FrameworkArduinoVariant\variant_ARMED_V1.cpp.o
Compiling .pio\build\black_F407VE-EEPROM-SPI\FrameworkArduinoVariant\variant_BLACK_F407VX.cpp.o
Compiling .pio\build\black_F407VE-EEPROM-SPI\FrameworkArduinoVariant\variant_BLUE_F407VE_MINI.cpp.o
Compiling .pio\build\black_F407VE-EEPROM-SPI\FrameworkArduinoVariant\variant_DISCO_F407VG.cpp.o
Compiling .pio\build\black_F407VE-EEPROM-SPI\FrameworkArduinoVariant\variant_DIYMORE_F407VGT.cpp.o
Compiling .pio\build\black_F407VE-EEPROM-SPI\FrameworkArduinoVariant\variant_FK407M1.cpp.o
Compiling .pio\build\black_F407VE-EEPROM-SPI\FrameworkArduinoVariant\variant_PRNTR_Vx.cpp.o
Compiling .pio\build\black_F407VE-EEPROM-SPI\FrameworkArduinoVariant\variant_generic.cpp.o
Compiling .pio\build\black_F407VE-EEPROM-SPI\SrcWrapper\src\HAL\stm32yyxx_hal.c.o
Compiling .pio\build\black_F407VE-EEPROM-SPI\SrcWrapper\src\HAL\stm32yyxx_hal_adc.c.o
Compiling .pio\build\black_F407VE-EEPROM-SPI\SrcWrapper\src\HAL\stm32yyxx_hal_adc_ex.c.o
Compiling .pio\build\black_F407VE-EEPROM-SPI\SrcWrapper\src\HAL\stm32yyxx_hal_can.c.o
Compiling .pio\build\black_F407VE-EEPROM-SPI\SrcWrapper\src\HAL\stm32yyxx_hal_ccb.c.o
Compiling .pio\build\black_F407VE-EEPROM-SPI\SrcWrapper\src\HAL\stm32yyxx_hal_cec.c.o
Compiling .pio\build\black_F407VE-EEPROM-SPI\SrcWrapper\src\HAL\stm32yyxx_hal_comp.c.o
Compiling .pio\build\black_F407VE-EEPROM-SPI\SrcWrapper\src\HAL\stm32yyxx_hal_comp_ex.c.o
Compiling .pio\build\black_F407VE-EEPROM-SPI\SrcWrapper\src\HAL\stm32yyxx_hal_cordic.c.o
Compiling .pio\build\black_F407VE-EEPROM-SPI\SrcWrapper\src\HAL\stm32yyxx_hal_cortex.c.o
Compiling .pio\build\black_F407VE-EEPROM-SPI\SrcWrapper\src\HAL\stm32yyxx_hal_crc.c.o
Compiling .pio\build\black_F407VE-EEPROM-SPI\SrcWrapper\src\HAL\stm32yyxx_hal_crc_ex.c.o
Compiling .pio\build\black_F407VE-EEPROM-SPI\SrcWrapper\src\HAL\stm32yyxx_hal_cryp.c.o
Compiling .pio\build\black_F407VE-EEPROM-SPI\SrcWrapper\src\HAL\stm32yyxx_hal_cryp_ex.c.o
Compiling .pio\build\black_F407VE-EEPROM-SPI\SrcWrapper\src\HAL\stm32yyxx_hal_dac.c.o
Compiling .pio\build\black_F407VE-EEPROM-SPI\SrcWrapper\src\HAL\stm32yyxx_hal_dac_ex.c.o
Compiling .pio\build\black_F407VE-EEPROM-SPI\SrcWrapper\src\HAL\stm32yyxx_hal_dcache.c.o
Compiling .pio\build\black_F407VE-EEPROM-SPI\SrcWrapper\src\HAL\stm32yyxx_hal_dcmi.c.o
Compiling .pio\build\black_F407VE-EEPROM-SPI\SrcWrapper\src\HAL\stm32yyxx_hal_dcmi_ex.c.o
Compiling .pio\build\black_F407VE-EEPROM-SPI\SrcWrapper\src\HAL\stm32yyxx_hal_dfsdm.c.o
Compiling .pio\build\black_F407VE-EEPROM-SPI\SrcWrapper\src\HAL\stm32yyxx_hal_dfsdm_ex.c.o
Compiling .pio\build\black_F407VE-EEPROM-SPI\SrcWrapper\src\HAL\stm32yyxx_hal_dma.c.o
Compiling .pio\build\black_F407VE-EEPROM-SPI\SrcWrapper\src\HAL\stm32yyxx_hal_dma2d.c.o
Compiling .pio\build\black_F407VE-EEPROM-SPI\SrcWrapper\src\HAL\stm32yyxx_hal_dma_ex.c.o
Compiling .pio\build\black_F407VE-EEPROM-SPI\SrcWrapper\src\HAL\stm32yyxx_hal_dsi.c.o
Compiling .pio\build\black_F407VE-EEPROM-SPI\SrcWrapper\src\HAL\stm32yyxx_hal_dts.c.o
Compiling .pio\build\black_F407VE-EEPROM-SPI\SrcWrapper\src\HAL\stm32yyxx_hal_eth.c.o
Compiling .pio\build\black_F407VE-EEPROM-SPI\SrcWrapper\src\HAL\stm32yyxx_hal_eth_ex.c.o
Compiling .pio\build\black_F407VE-EEPROM-SPI\SrcWrapper\src\HAL\stm32yyxx_hal_exti.c.o
Compiling .pio\build\black_F407VE-EEPROM-SPI\SrcWrapper\src\HAL\stm32yyxx_hal_fdcan.c.o
Compiling .pio\build\black_F407VE-EEPROM-SPI\SrcWrapper\src\HAL\stm32yyxx_hal_firewall.c.o
Compiling .pio\build\black_F407VE-EEPROM-SPI\SrcWrapper\src\HAL\stm32yyxx_hal_flash.c.o
Compiling .pio\build\black_F407VE-EEPROM-SPI\SrcWrapper\src\HAL\stm32yyxx_hal_flash_ex.c.o
Compiling .pio\build\black_F407VE-EEPROM-SPI\SrcWrapper\src\HAL\stm32yyxx_hal_flash_ramfunc.c.o
Compiling .pio\build\black_F407VE-EEPROM-SPI\SrcWrapper\src\HAL\stm32yyxx_hal_fmac.c.o
Compiling .pio\build\black_F407VE-EEPROM-SPI\SrcWrapper\src\HAL\stm32yyxx_hal_fmpi2c.c.o
Compiling .pio\build\black_F407VE-EEPROM-SPI\SrcWrapper\src\HAL\stm32yyxx_hal_fmpi2c_ex.c.o
Compiling .pio\build\black_F407VE-EEPROM-SPI\SrcWrapper\src\HAL\stm32yyxx_hal_fmpsmbus.c.o
Compiling .pio\build\black_F407VE-EEPROM-SPI\SrcWrapper\src\HAL\stm32yyxx_hal_fmpsmbus_ex.c.o
Compiling .pio\build\black_F407VE-EEPROM-SPI\SrcWrapper\src\HAL\stm32yyxx_hal_gfxmmu.c.o
Compiling .pio\build\black_F407VE-EEPROM-SPI\SrcWrapper\src\HAL\stm32yyxx_hal_gfxtim.c.o
Compiling .pio\build\black_F407VE-EEPROM-SPI\SrcWrapper\src\HAL\stm32yyxx_hal_gpio.c.o
Compiling .pio\build\black_F407VE-EEPROM-SPI\SrcWrapper\src\HAL\stm32yyxx_hal_gpio_ex.c.o
Compiling .pio\build\black_F407VE-EEPROM-SPI\SrcWrapper\src\HAL\stm32yyxx_hal_gpu2d.c.o
Compiling .pio\build\black_F407VE-EEPROM-SPI\SrcWrapper\src\HAL\stm32yyxx_hal_gtzc.c.o
Compiling .pio\build\black_F407VE-EEPROM-SPI\SrcWrapper\src\HAL\stm32yyxx_hal_hash.c.o
Compiling .pio\build\black_F407VE-EEPROM-SPI\SrcWrapper\src\HAL\stm32yyxx_hal_hash_ex.c.o
Compiling .pio\build\black_F407VE-EEPROM-SPI\SrcWrapper\src\HAL\stm32yyxx_hal_hcd.c.o
Compiling .pio\build\black_F407VE-EEPROM-SPI\SrcWrapper\src\HAL\stm32yyxx_hal_hrtim.c.o
Compiling .pio\build\black_F407VE-EEPROM-SPI\SrcWrapper\src\HAL\stm32yyxx_hal_hsem.c.o
Compiling .pio\build\black_F407VE-EEPROM-SPI\SrcWrapper\src\HAL\stm32yyxx_hal_i2c.c.o
Compiling .pio\build\black_F407VE-EEPROM-SPI\SrcWrapper\src\HAL\stm32yyxx_hal_i2c_ex.c.o
Compiling .pio\build\black_F407VE-EEPROM-SPI\SrcWrapper\src\HAL\stm32yyxx_hal_i2s.c.o
Compiling .pio\build\black_F407VE-EEPROM-SPI\SrcWrapper\src\HAL\stm32yyxx_hal_i2s_ex.c.o
Compiling .pio\build\black_F407VE-EEPROM-SPI\SrcWrapper\src\HAL\stm32yyxx_hal_i3c.c.o
Compiling .pio\build\black_F407VE-EEPROM-SPI\SrcWrapper\src\HAL\stm32yyxx_hal_icache.c.o
Compiling .pio\build\black_F407VE-EEPROM-SPI\SrcWrapper\src\HAL\stm32yyxx_hal_ipcc.c.o
Compiling .pio\build\black_F407VE-EEPROM-SPI\SrcWrapper\src\HAL\stm32yyxx_hal_irda.c.o
Compiling .pio\build\black_F407VE-EEPROM-SPI\SrcWrapper\src\HAL\stm32yyxx_hal_iwdg.c.o
Compiling .pio\build\black_F407VE-EEPROM-SPI\SrcWrapper\src\HAL\stm32yyxx_hal_jpeg.c.o
Compiling .pio\build\black_F407VE-EEPROM-SPI\SrcWrapper\src\HAL\stm32yyxx_hal_lcd.c.o
Compiling .pio\build\black_F407VE-EEPROM-SPI\SrcWrapper\src\HAL\stm32yyxx_hal_lptim.c.o
Compiling .pio\build\black_F407VE-EEPROM-SPI\SrcWrapper\src\HAL\stm32yyxx_hal_ltdc.c.o
Compiling .pio\build\black_F407VE-EEPROM-SPI\SrcWrapper\src\HAL\stm32yyxx_hal_ltdc_ex.c.o
Compiling .pio\build\black_F407VE-EEPROM-SPI\SrcWrapper\src\HAL\stm32yyxx_hal_mdf.c.o
Compiling .pio\build\black_F407VE-EEPROM-SPI\SrcWrapper\src\HAL\stm32yyxx_hal_mdios.c.o
Compiling .pio\build\black_F407VE-EEPROM-SPI\SrcWrapper\src\HAL\stm32yyxx_hal_mdma.c.o
Compiling .pio\build\black_F407VE-EEPROM-SPI\SrcWrapper\src\HAL\stm32yyxx_hal_mmc.c.o
Compiling .pio\build\black_F407VE-EEPROM-SPI\SrcWrapper\src\HAL\stm32yyxx_hal_mmc_ex.c.o
Compiling .pio\build\black_F407VE-EEPROM-SPI\SrcWrapper\src\HAL\stm32yyxx_hal_nand.c.o
Compiling .pio\build\black_F407VE-EEPROM-SPI\SrcWrapper\src\HAL\stm32yyxx_hal_nor.c.o
Compiling .pio\build\black_F407VE-EEPROM-SPI\SrcWrapper\src\HAL\stm32yyxx_hal_opamp.c.o
Compiling .pio\build\black_F407VE-EEPROM-SPI\SrcWrapper\src\HAL\stm32yyxx_hal_opamp_ex.c.o
Compiling .pio\build\black_F407VE-EEPROM-SPI\SrcWrapper\src\HAL\stm32yyxx_hal_ospi.c.o
Compiling .pio\build\black_F407VE-EEPROM-SPI\SrcWrapper\src\HAL\stm32yyxx_hal_otfdec.c.o
Compiling .pio\build\black_F407VE-EEPROM-SPI\SrcWrapper\src\HAL\stm32yyxx_hal_pccard.c.o
Compiling .pio\build\black_F407VE-EEPROM-SPI\SrcWrapper\src\HAL\stm32yyxx_hal_pcd.c.o
Compiling .pio\build\black_F407VE-EEPROM-SPI\SrcWrapper\src\HAL\stm32yyxx_hal_pcd_ex.c.o
Compiling .pio\build\black_F407VE-EEPROM-SPI\SrcWrapper\src\HAL\stm32yyxx_hal_pka.c.o
Compiling .pio\build\black_F407VE-EEPROM-SPI\SrcWrapper\src\HAL\stm32yyxx_hal_pssi.c.o
Compiling .pio\build\black_F407VE-EEPROM-SPI\SrcWrapper\src\HAL\stm32yyxx_hal_pwr.c.o
Compiling .pio\build\black_F407VE-EEPROM-SPI\SrcWrapper\src\HAL\stm32yyxx_hal_pwr_ex.c.o
Compiling .pio\build\black_F407VE-EEPROM-SPI\SrcWrapper\src\HAL\stm32yyxx_hal_qspi.c.o
Compiling .pio\build\black_F407VE-EEPROM-SPI\SrcWrapper\src\HAL\stm32yyxx_hal_radio.c.o
Compiling .pio\build\black_F407VE-EEPROM-SPI\SrcWrapper\src\HAL\stm32yyxx_hal_radio_timer.c.o
Compiling .pio\build\black_F407VE-EEPROM-SPI\SrcWrapper\src\HAL\stm32yyxx_hal_ramcfg.c.o
Compiling .pio\build\black_F407VE-EEPROM-SPI\SrcWrapper\src\HAL\stm32yyxx_hal_ramecc.c.o
Compiling .pio\build\black_F407VE-EEPROM-SPI\SrcWrapper\src\HAL\stm32yyxx_hal_rcc.c.o
Compiling .pio\build\black_F407VE-EEPROM-SPI\SrcWrapper\src\HAL\stm32yyxx_hal_rcc_ex.c.o
Compiling .pio\build\black_F407VE-EEPROM-SPI\SrcWrapper\src\HAL\stm32yyxx_hal_rng.c.o
Compiling .pio\build\black_F407VE-EEPROM-SPI\SrcWrapper\src\HAL\stm32yyxx_hal_rng_ex.c.o
Compiling .pio\build\black_F407VE-EEPROM-SPI\SrcWrapper\src\HAL\stm32yyxx_hal_rtc.c.o
Compiling .pio\build\black_F407VE-EEPROM-SPI\SrcWrapper\src\HAL\stm32yyxx_hal_rtc_ex.c.o
Compiling .pio\build\black_F407VE-EEPROM-SPI\SrcWrapper\src\HAL\stm32yyxx_hal_sai.c.o
Compiling .pio\build\black_F407VE-EEPROM-SPI\SrcWrapper\src\HAL\stm32yyxx_hal_sai_ex.c.o
Compiling .pio\build\black_F407VE-EEPROM-SPI\SrcWrapper\src\HAL\stm32yyxx_hal_sd.c.o
Compiling .pio\build\black_F407VE-EEPROM-SPI\SrcWrapper\src\HAL\stm32yyxx_hal_sd_ex.c.o
Compiling .pio\build\black_F407VE-EEPROM-SPI\SrcWrapper\src\HAL\stm32yyxx_hal_sdadc.c.o
Compiling .pio\build\black_F407VE-EEPROM-SPI\SrcWrapper\src\HAL\stm32yyxx_hal_sdio.c.o
Compiling .pio\build\black_F407VE-EEPROM-SPI\SrcWrapper\src\HAL\stm32yyxx_hal_sdram.c.o
Compiling .pio\build\black_F407VE-EEPROM-SPI\SrcWrapper\src\HAL\stm32yyxx_hal_smartcard.c.o
Compiling .pio\build\black_F407VE-EEPROM-SPI\SrcWrapper\src\HAL\stm32yyxx_hal_smartcard_ex.c.o
Compiling .pio\build\black_F407VE-EEPROM-SPI\SrcWrapper\src\HAL\stm32yyxx_hal_smbus.c.o
Compiling .pio\build\black_F407VE-EEPROM-SPI\SrcWrapper\src\HAL\stm32yyxx_hal_smbus_ex.c.o
Compiling .pio\build\black_F407VE-EEPROM-SPI\SrcWrapper\src\HAL\stm32yyxx_hal_spdifrx.c.o
Compiling .pio\build\black_F407VE-EEPROM-SPI\SrcWrapper\src\HAL\stm32yyxx_hal_spi.c.o
Compiling .pio\build\black_F407VE-EEPROM-SPI\SrcWrapper\src\HAL\stm32yyxx_hal_spi_ex.c.o
Compiling .pio\build\black_F407VE-EEPROM-SPI\SrcWrapper\src\HAL\stm32yyxx_hal_sram.c.o
Compiling .pio\build\black_F407VE-EEPROM-SPI\SrcWrapper\src\HAL\stm32yyxx_hal_subghz.c.o
Compiling .pio\build\black_F407VE-EEPROM-SPI\SrcWrapper\src\HAL\stm32yyxx_hal_swpmi.c.o
Compiling .pio\build\black_F407VE-EEPROM-SPI\SrcWrapper\src\HAL\stm32yyxx_hal_tim.c.o
Compiling .pio\build\black_F407VE-EEPROM-SPI\SrcWrapper\src\HAL\stm32yyxx_hal_tim_ex.c.o
Compiling .pio\build\black_F407VE-EEPROM-SPI\SrcWrapper\src\HAL\stm32yyxx_hal_tsc.c.o
Compiling .pio\build\black_F407VE-EEPROM-SPI\SrcWrapper\src\HAL\stm32yyxx_hal_uart.c.o
Compiling .pio\build\black_F407VE-EEPROM-SPI\SrcWrapper\src\HAL\stm32yyxx_hal_uart_ex.c.o
Compiling .pio\build\black_F407VE-EEPROM-SPI\SrcWrapper\src\HAL\stm32yyxx_hal_usart.c.o
Compiling .pio\build\black_F407VE-EEPROM-SPI\SrcWrapper\src\HAL\stm32yyxx_hal_usart_ex.c.o
Compiling .pio\build\black_F407VE-EEPROM-SPI\SrcWrapper\src\HAL\stm32yyxx_hal_wwdg.c.o
Compiling .pio\build\black_F407VE-EEPROM-SPI\SrcWrapper\src\HAL\stm32yyxx_hal_xspi.c.o
Compiling .pio\build\black_F407VE-EEPROM-SPI\SrcWrapper\src\HardwareTimer.cpp.o
Compiling .pio\build\black_F407VE-EEPROM-SPI\SrcWrapper\src\LL\stm32yyxx_ll_adc.c.o
Compiling .pio\build\black_F407VE-EEPROM-SPI\SrcWrapper\src\LL\stm32yyxx_ll_bdma.c.o
Compiling .pio\build\black_F407VE-EEPROM-SPI\SrcWrapper\src\LL\stm32yyxx_ll_comp.c.o
Compiling .pio\build\black_F407VE-EEPROM-SPI\SrcWrapper\src\LL\stm32yyxx_ll_cordic.c.o
Compiling .pio\build\black_F407VE-EEPROM-SPI\SrcWrapper\src\LL\stm32yyxx_ll_crc.c.o
Compiling .pio\build\black_F407VE-EEPROM-SPI\SrcWrapper\src\LL\stm32yyxx_ll_crs.c.o
Compiling .pio\build\black_F407VE-EEPROM-SPI\SrcWrapper\src\LL\stm32yyxx_ll_dac.c.o
Compiling .pio\build\black_F407VE-EEPROM-SPI\SrcWrapper\src\LL\stm32yyxx_ll_delayblock.c.o
Compiling .pio\build\black_F407VE-EEPROM-SPI\SrcWrapper\src\LL\stm32yyxx_ll_dlyb.c.o
Compiling .pio\build\black_F407VE-EEPROM-SPI\SrcWrapper\src\LL\stm32yyxx_ll_dma.c.o
Compiling .pio\build\black_F407VE-EEPROM-SPI\SrcWrapper\src\LL\stm32yyxx_ll_dma2d.c.o
Compiling .pio\build\black_F407VE-EEPROM-SPI\SrcWrapper\src\LL\stm32yyxx_ll_exti.c.o
Compiling .pio\build\black_F407VE-EEPROM-SPI\SrcWrapper\src\LL\stm32yyxx_ll_fmac.c.o
Compiling .pio\build\black_F407VE-EEPROM-SPI\SrcWrapper\src\LL\stm32yyxx_ll_fmc.c.o
Compiling .pio\build\black_F407VE-EEPROM-SPI\SrcWrapper\src\LL\stm32yyxx_ll_fmpi2c.c.o
Compiling .pio\build\black_F407VE-EEPROM-SPI\SrcWrapper\src\LL\stm32yyxx_ll_fsmc.c.o
Compiling .pio\build\black_F407VE-EEPROM-SPI\SrcWrapper\src\LL\stm32yyxx_ll_gpio.c.o
Compiling .pio\build\black_F407VE-EEPROM-SPI\SrcWrapper\src\LL\stm32yyxx_ll_hrtim.c.o
Compiling .pio\build\black_F407VE-EEPROM-SPI\SrcWrapper\src\LL\stm32yyxx_ll_i2c.c.o
Compiling .pio\build\black_F407VE-EEPROM-SPI\SrcWrapper\src\LL\stm32yyxx_ll_i3c.c.o
Compiling .pio\build\black_F407VE-EEPROM-SPI\SrcWrapper\src\LL\stm32yyxx_ll_icache.c.o
Compiling .pio\build\black_F407VE-EEPROM-SPI\SrcWrapper\src\LL\stm32yyxx_ll_lpgpio.c.o
Compiling .pio\build\black_F407VE-EEPROM-SPI\SrcWrapper\src\LL\stm32yyxx_ll_lptim.c.o
Compiling .pio\build\black_F407VE-EEPROM-SPI\SrcWrapper\src\LL\stm32yyxx_ll_lpuart.c.o
Compiling .pio\build\black_F407VE-EEPROM-SPI\SrcWrapper\src\LL\stm32yyxx_ll_mdma.c.o
Compiling .pio\build\black_F407VE-EEPROM-SPI\SrcWrapper\src\LL\stm32yyxx_ll_opamp.c.o
Compiling .pio\build\black_F407VE-EEPROM-SPI\SrcWrapper\src\LL\stm32yyxx_ll_pka.c.o
Compiling .pio\build\black_F407VE-EEPROM-SPI\SrcWrapper\src\LL\stm32yyxx_ll_pwr.c.o
Compiling .pio\build\black_F407VE-EEPROM-SPI\SrcWrapper\src\LL\stm32yyxx_ll_rcc.c.o
Compiling .pio\build\black_F407VE-EEPROM-SPI\SrcWrapper\src\LL\stm32yyxx_ll_rng.c.o
Compiling .pio\build\black_F407VE-EEPROM-SPI\SrcWrapper\src\LL\stm32yyxx_ll_rtc.c.o
Compiling .pio\build\black_F407VE-EEPROM-SPI\SrcWrapper\src\LL\stm32yyxx_ll_sdmmc.c.o
Compiling .pio\build\black_F407VE-EEPROM-SPI\SrcWrapper\src\LL\stm32yyxx_ll_spi.c.o
Compiling .pio\build\black_F407VE-EEPROM-SPI\SrcWrapper\src\LL\stm32yyxx_ll_swpmi.c.o
Compiling .pio\build\black_F407VE-EEPROM-SPI\SrcWrapper\src\LL\stm32yyxx_ll_system.c.o
Compiling .pio\build\black_F407VE-EEPROM-SPI\SrcWrapper\src\LL\stm32yyxx_ll_tim.c.o
Compiling .pio\build\black_F407VE-EEPROM-SPI\SrcWrapper\src\LL\stm32yyxx_ll_ucpd.c.o
Compiling .pio\build\black_F407VE-EEPROM-SPI\SrcWrapper\src\LL\stm32yyxx_ll_usart.c.o
Compiling .pio\build\black_F407VE-EEPROM-SPI\SrcWrapper\src\LL\stm32yyxx_ll_usb.c.o
Compiling .pio\build\black_F407VE-EEPROM-SPI\SrcWrapper\src\LL\stm32yyxx_ll_utils.c.o
Compiling .pio\build\black_F407VE-EEPROM-SPI\SrcWrapper\src\new.cpp.o
Compiling .pio\build\black_F407VE-EEPROM-SPI\SrcWrapper\src\stm32\PortNames.c.o
Compiling .pio\build\black_F407VE-EEPROM-SPI\SrcWrapper\src\stm32\analog.cpp.o
Compiling .pio\build\black_F407VE-EEPROM-SPI\SrcWrapper\src\stm32\bootloader.c.o
Compiling .pio\build\black_F407VE-EEPROM-SPI\SrcWrapper\src\stm32\clock.c.o
Compiling .pio\build\black_F407VE-EEPROM-SPI\SrcWrapper\src\stm32\core_callback.c.o
Compiling .pio\build\black_F407VE-EEPROM-SPI\SrcWrapper\src\stm32\dwt.c.o
Compiling .pio\build\black_F407VE-EEPROM-SPI\SrcWrapper\src\stm32\hw_config.c.o
Compiling .pio\build\black_F407VE-EEPROM-SPI\SrcWrapper\src\stm32\interrupt.cpp.o
Compiling .pio\build\black_F407VE-EEPROM-SPI\SrcWrapper\src\stm32\otp.c.o
Compiling .pio\build\black_F407VE-EEPROM-SPI\SrcWrapper\src\stm32\pinmap.c.o
Compiling .pio\build\black_F407VE-EEPROM-SPI\SrcWrapper\src\stm32\stm32_def.c.o
Compiling .pio\build\black_F407VE-EEPROM-SPI\SrcWrapper\src\stm32\system_stm32yyxx.c.o
Compiling .pio\build\black_F407VE-EEPROM-SPI\SrcWrapper\src\stm32\timer.c.o
Compiling .pio\build\black_F407VE-EEPROM-SPI\SrcWrapper\src\stm32\uart.c.o
Compiling .pio\build\black_F407VE-EEPROM-SPI\SrcWrapper\src\syscalls.c.o
Compiling .pio\build\black_F407VE-EEPROM-SPI\libb1d\STM32duino RTC\STM32RTC.cpp.o
Compiling .pio\build\black_F407VE-EEPROM-SPI\libb1d\STM32duino RTC\rtc.c.o
Compiling .pio\build\black_F407VE-EEPROM-SPI\src\SD_logger.cpp.o
Compiling .pio\build\black_F407VE-EEPROM-SPI\src\TS_CommandButtonHandler.cpp.o
Compiling .pio\build\black_F407VE-EEPROM-SPI\src\acc_mc33810.cpp.o
Compiling .pio\build\black_F407VE-EEPROM-SPI\src\auxiliaries.cpp.o
Compiling .pio\build\black_F407VE-EEPROM-SPI\src\auxiliaries\air_conditioning\aircon_control.cpp.o
Compiling .pio\build\black_F407VE-EEPROM-SPI\src\auxiliaries\auxiliary_coordinator.cpp.o
Compiling .pio\build\black_F407VE-EEPROM-SPI\src\auxiliaries\boost_control\boost_by_gear.cpp.o
Compiling .pio\build\black_F407VE-EEPROM-SPI\src\auxiliaries\boost_control\boost_control.cpp.o
Compiling .pio\build\black_F407VE-EEPROM-SPI\src\auxiliaries\fan_control\fan_control.cpp.o
Compiling .pio\build\black_F407VE-EEPROM-SPI\src\auxiliaries\nitrous_control\nitrous_control.cpp.o
Compiling .pio\build\black_F407VE-EEPROM-SPI\src\auxiliaries\vvt_control\vvt_control.cpp.o
Compiling .pio\build\black_F407VE-EEPROM-SPI\src\auxiliaries\vvt_control\vvt_interrupt.cpp.o
Compiling .pio\build\black_F407VE-EEPROM-SPI\src\auxiliaries\wmi_control\wmi_control.cpp.o
Compiling .pio\build\black_F407VE-EEPROM-SPI\src\board_config\board_config.cpp.o
Compiling .pio\build\black_F407VE-EEPROM-SPI\src\board_config\board_registry.cpp.o
Compiling .pio\build\black_F407VE-EEPROM-SPI\src\board_config\pin_mapping\pin_setup.cpp.o
Compiling .pio\build\black_F407VE-EEPROM-SPI\src\board_config\pin_mapping\stm32f407_pins.cpp.o
Compiling .pio\build\black_F407VE-EEPROM-SPI\src\board_config\pin_mapping\stm32f407_scg_ecu_pins.cpp.o
Compiling .pio\build\black_F407VE-EEPROM-SPI\src\board_stm32_official.cpp.o
Compiling .pio\build\black_F407VE-EEPROM-SPI\src\comms.cpp.o
Compiling .pio\build\black_F407VE-EEPROM-SPI\src\comms_CAN.cpp.o
Compiling .pio\build\black_F407VE-EEPROM-SPI\src\comms_legacy.cpp.o
Compiling .pio\build\black_F407VE-EEPROM-SPI\src\comms_secondary.cpp.o
Compiling .pio\build\black_F407VE-EEPROM-SPI\src\communication_handler.cpp.o
Compiling .pio\build\black_F407VE-EEPROM-SPI\src\corrections.cpp.o
Compiling .pio\build\black_F407VE-EEPROM-SPI\src\corrections\afr_corrections\afr_corrections.cpp.o
Compiling .pio\build\black_F407VE-EEPROM-SPI\src\corrections\corrections_coordinator.cpp.o
Compiling .pio\build\black_F407VE-EEPROM-SPI\src\corrections\dwell_corrections\dwell_corrections.cpp.o
Compiling .pio\build\black_F407VE-EEPROM-SPI\src\corrections\fuel_corrections\fuel_corrections.cpp.o
Compiling .pio\build\black_F407VE-EEPROM-SPI\src\corrections\ignition_corrections\ignition_corrections.cpp.o
Compiling .pio\build\black_F407VE-EEPROM-SPI\src\crankMaths.cpp.o
Compiling .pio\build\black_F407VE-EEPROM-SPI\src\decoders.cpp.o
Compiling .pio\build\black_F407VE-EEPROM-SPI\src\decoders\decoder_coordinator.cpp.o
Compiling .pio\build\black_F407VE-EEPROM-SPI\src\decoders\decoder_registry.cpp.o
Compiling .pio\build\black_F407VE-EEPROM-SPI\src\decoders\implementations\DRZ400.cpp.o
Compiling .pio\build\black_F407VE-EEPROM-SPI\src\decoders\implementations\FordST170.cpp.o
Compiling .pio\build\black_F407VE-EEPROM-SPI\src\decoders\implementations\FordTFI.cpp.o
Compiling .pio\build\black_F407VE-EEPROM-SPI\src\decoders\implementations\NGC.cpp.o
Compiling .pio\build\black_F407VE-EEPROM-SPI\src\decoders\implementations\Renix.cpp.o
Compiling .pio\build\black_F407VE-EEPROM-SPI\src\decoders\implementations\RoverMEMS.cpp.o
Compiling .pio\build\black_F407VE-EEPROM-SPI\src\decoders\implementations\SuzukiK6A.cpp.o
Compiling .pio\build\black_F407VE-EEPROM-SPI\src\decoders\implementations\Vmax.cpp.o
Compiling .pio\build\black_F407VE-EEPROM-SPI\src\decoders\implementations\audi_135.cpp.o
Compiling .pio\build\black_F407VE-EEPROM-SPI\src\decoders\implementations\basic_distributor.cpp.o
Compiling .pio\build\black_F407VE-EEPROM-SPI\src\decoders\implementations\daihatsu.cpp.o
Compiling .pio\build\black_F407VE-EEPROM-SPI\src\decoders\implementations\dual_wheel.cpp.o
Compiling .pio\build\black_F407VE-EEPROM-SPI\src\decoders\implementations\four_g63.cpp.o
Compiling .pio\build\black_F407VE-EEPROM-SPI\src\decoders\implementations\four_twenty_a.cpp.o
Compiling .pio\build\black_F407VE-EEPROM-SPI\src\decoders\implementations\gm_24x.cpp.o
Compiling .pio\build\black_F407VE-EEPROM-SPI\src\decoders\implementations\gm_7x.cpp.o
Compiling .pio\build\black_F407VE-EEPROM-SPI\src\decoders\implementations\harley.cpp.o
Compiling .pio\build\black_F407VE-EEPROM-SPI\src\decoders\implementations\honda_d17.cpp.o
Compiling .pio\build\black_F407VE-EEPROM-SPI\src\decoders\implementations\honda_j32.cpp.o
Compiling .pio\build\black_F407VE-EEPROM-SPI\src\decoders\implementations\jeep_2000.cpp.o
Compiling .pio\build\black_F407VE-EEPROM-SPI\src\decoders\implementations\mazda_au.cpp.o
Compiling .pio\build\black_F407VE-EEPROM-SPI\src\decoders\implementations\miata_9905.cpp.o
Compiling .pio\build\black_F407VE-EEPROM-SPI\src\decoders\implementations\missing_tooth.cpp.o
Compiling .pio\build\black_F407VE-EEPROM-SPI\src\decoders\implementations\nissan_360.cpp.o
Compiling .pio\build\black_F407VE-EEPROM-SPI\src\decoders\implementations\non_360.cpp.o
Compiling .pio\build\black_F407VE-EEPROM-SPI\src\decoders\implementations\subaru_67.cpp.o
Compiling .pio\build\black_F407VE-EEPROM-SPI\src\decoders\implementations\thirty_six_minus_21.cpp.o
Compiling .pio\build\black_F407VE-EEPROM-SPI\src\decoders\implementations\thirty_six_minus_222.cpp.o
Compiling .pio\build\black_F407VE-EEPROM-SPI\src\decoders\implementations\weber.cpp.o
Compiling .pio\build\black_F407VE-EEPROM-SPI\src\engineProtection.cpp.o
Compiling .pio\build\black_F407VE-EEPROM-SPI\src\engine_protection.cpp.o
Compiling .pio\build\black_F407VE-EEPROM-SPI\src\fuel_calculations.cpp.o
Compiling .pio\build\black_F407VE-EEPROM-SPI\src\fuel_scheduling.cpp.o
Compiling .pio\build\black_F407VE-EEPROM-SPI\src\globals.cpp.o
Compiling .pio\build\black_F407VE-EEPROM-SPI\src\idle.cpp.o
Compiling .pio\build\black_F407VE-EEPROM-SPI\src\ignition_calculations.cpp.o
Compiling .pio\build\black_F407VE-EEPROM-SPI\src\ignition_scheduling.cpp.o
Compiling .pio\build\black_F407VE-EEPROM-SPI\src\init.cpp.o
Compiling .pio\build\black_F407VE-EEPROM-SPI\src\logger.cpp.o
Compiling .pio\build\black_F407VE-EEPROM-SPI\src\maths.cpp.o
Compiling .pio\build\black_F407VE-EEPROM-SPI\src\page_crc.cpp.o
Compiling .pio\build\black_F407VE-EEPROM-SPI\src\pages.cpp.o
Compiling .pio\build\black_F407VE-EEPROM-SPI\src\rtc_common.cpp.o
Compiling .pio\build\black_F407VE-EEPROM-SPI\src\schedule_calcs.cpp.o
Compiling .pio\build\black_F407VE-EEPROM-SPI\src\scheduledIO.cpp.o
Compiling .pio\build\black_F407VE-EEPROM-SPI\src\scheduler.cpp.o
Compiling .pio\build\black_F407VE-EEPROM-SPI\src\schedulers\fuel_scheduler\fuel_scheduler.cpp.o
Compiling .pio\build\black_F407VE-EEPROM-SPI\src\schedulers\ignition_scheduler\ignition_scheduler.cpp.o
Compiling .pio\build\black_F407VE-EEPROM-SPI\src\schedulers\scheduler_coordinator.cpp.o
Compiling .pio\build\black_F407VE-EEPROM-SPI\src\secondaryTables.cpp.o
Compiling .pio\build\black_F407VE-EEPROM-SPI\src\sensor_polling.cpp.o
Compiling .pio\build\black_F407VE-EEPROM-SPI\src\sensors.cpp.o
Compiling .pio\build\black_F407VE-EEPROM-SPI\src\sensors\sensor_coordinator.cpp.o
Compiling .pio\build\black_F407VE-EEPROM-SPI\src\speeduino.cpp.o
Compiling .pio\build\black_F407VE-EEPROM-SPI\src\src\BackupSram\BackupSramAsEEPROM.cpp.o
Compiling .pio\build\black_F407VE-EEPROM-SPI\src\src\FRAM\Fram.cpp.o
Compiling .pio\build\black_F407VE-EEPROM-SPI\src\src\FastCRC\FastCRChw.cpp.o
Compiling .pio\build\black_F407VE-EEPROM-SPI\src\src\FastCRC\FastCRCsw.cpp.o
Compiling .pio\build\black_F407VE-EEPROM-SPI\src\src\FlashStorage\FlashAsEEPROM.cpp.o
Compiling .pio\build\black_F407VE-EEPROM-SPI\src\src\FlashStorage\FlashStorage.cpp.o
Compiling .pio\build\black_F407VE-EEPROM-SPI\src\src\PID_v1\PID_v1.cpp.o
Compiling .pio\build\black_F407VE-EEPROM-SPI\src\src\SPIAsEEPROM\DMASAM.cpp.o
Compiling .pio\build\black_F407VE-EEPROM-SPI\src\src\SPIAsEEPROM\SPIAsEEPROM.cpp.o
Compiling .pio\build\black_F407VE-EEPROM-SPI\src\src\SPIAsEEPROM\SPIFlash.cpp.o
Compiling .pio\build\black_F407VE-EEPROM-SPI\src\src\SPIAsEEPROM\SPIFlashIO.cpp.o
Compiling .pio\build\black_F407VE-EEPROM-SPI\src\src\SPIAsEEPROM\SPIFlashSFDP.cpp.o
Compiling .pio\build\black_F407VE-EEPROM-SPI\src\src\SPIAsEEPROM\SPIMemory.cpp.o
Compiling .pio\build\black_F407VE-EEPROM-SPI\src\src\SPIAsEEPROM\diagnostics.cpp.o
Compiling .pio\build\black_F407VE-EEPROM-SPI\src\src\SPIAsEEPROM\winbondflash.cpp.o
Compiling .pio\build\black_F407VE-EEPROM-SPI\src\src\STM32_CAN\STM32_CAN.cpp.o
Compiling .pio\build\black_F407VE-EEPROM-SPI\src\storage.cpp.o
Compiling .pio\build\black_F407VE-EEPROM-SPI\src\table2d.cpp.o
Compiling .pio\build\black_F407VE-EEPROM-SPI\src\table3d.cpp.o
Compiling .pio\build\black_F407VE-EEPROM-SPI\src\table3d_interpolate.cpp.o
Compiling .pio\build\black_F407VE-EEPROM-SPI\src\table_access\table_coordinator.cpp.o
Compiling .pio\build\black_F407VE-EEPROM-SPI\src\timers.cpp.o
Compiling .pio\build\black_F407VE-EEPROM-SPI\src\updates.cpp.o
Compiling .pio\build\black_F407VE-EEPROM-SPI\src\utilities.cpp.o
Compiling .pio\build\black_F407VE-EEPROM-SPI\lib14e\SPI\SPI.cpp.o
Compiling .pio\build\black_F407VE-EEPROM-SPI\lib14e\SPI\utility\spi_com.c.o
Compiling .pio\build\black_F407VE-EEPROM-SPI\lib119\SdFat\ExFatLib\ExFatDbg.cpp.o
Compiling .pio\build\black_F407VE-EEPROM-SPI\lib119\SdFat\ExFatLib\ExFatFile.cpp.o
Compiling .pio\build\black_F407VE-EEPROM-SPI\lib119\SdFat\ExFatLib\ExFatFilePrint.cpp.o
Compiling .pio\build\black_F407VE-EEPROM-SPI\lib119\SdFat\ExFatLib\ExFatFileWrite.cpp.o
Compiling .pio\build\black_F407VE-EEPROM-SPI\lib119\SdFat\ExFatLib\ExFatFormatter.cpp.o
Compiling .pio\build\black_F407VE-EEPROM-SPI\lib119\SdFat\ExFatLib\ExFatName.cpp.o
Compiling .pio\build\black_F407VE-EEPROM-SPI\lib119\SdFat\ExFatLib\ExFatPartition.cpp.o
Compiling .pio\build\black_F407VE-EEPROM-SPI\lib119\SdFat\ExFatLib\ExFatVolume.cpp.o
Compiling .pio\build\black_F407VE-EEPROM-SPI\lib119\SdFat\FatLib\FatDbg.cpp.o
Compiling .pio\build\black_F407VE-EEPROM-SPI\lib119\SdFat\FatLib\FatFile.cpp.o
Compiling .pio\build\black_F407VE-EEPROM-SPI\lib119\SdFat\FatLib\FatFileLFN.cpp.o
Compiling .pio\build\black_F407VE-EEPROM-SPI\lib119\SdFat\FatLib\FatFilePrint.cpp.o
Compiling .pio\build\black_F407VE-EEPROM-SPI\lib119\SdFat\FatLib\FatFileSFN.cpp.o
Compiling .pio\build\black_F407VE-EEPROM-SPI\lib119\SdFat\FatLib\FatFormatter.cpp.o
Compiling .pio\build\black_F407VE-EEPROM-SPI\lib119\SdFat\FatLib\FatName.cpp.o
Compiling .pio\build\black_F407VE-EEPROM-SPI\lib119\SdFat\FatLib\FatPartition.cpp.o
Compiling .pio\build\black_F407VE-EEPROM-SPI\lib119\SdFat\FatLib\FatVolume.cpp.o
Compiling .pio\build\black_F407VE-EEPROM-SPI\lib119\SdFat\FreeStack.cpp.o
Compiling .pio\build\black_F407VE-EEPROM-SPI\lib119\SdFat\FsLib\FsFile.cpp.o
Compiling .pio\build\black_F407VE-EEPROM-SPI\lib119\SdFat\FsLib\FsNew.cpp.o
Compiling .pio\build\black_F407VE-EEPROM-SPI\lib119\SdFat\FsLib\FsVolume.cpp.o
Compiling .pio\build\black_F407VE-EEPROM-SPI\lib119\SdFat\MinimumSerial.cpp.o
Compiling .pio\build\black_F407VE-EEPROM-SPI\lib119\SdFat\SdCard\PioSdio\PioSdioCard.cpp.o
Compiling .pio\build\black_F407VE-EEPROM-SPI\lib119\SdFat\SdCard\SdCardInfo.cpp.o
Compiling .pio\build\black_F407VE-EEPROM-SPI\lib119\SdFat\SdCard\SdSpiCard\SdSpiCard.cpp.o
Compiling .pio\build\black_F407VE-EEPROM-SPI\lib119\SdFat\SdCard\SdSpiCard\SpiDriver\SdSpiChipSelect.cpp.o
Compiling .pio\build\black_F407VE-EEPROM-SPI\lib119\SdFat\SdCard\SdSpiCard\SpiDriver\SdSpiDue.cpp.o
Archiving .pio\build\black_F407VE-EEPROM-SPI\lib14e\libSPI.a
Indexing .pio\build\black_F407VE-EEPROM-SPI\lib14e\libSPI.a
Compiling .pio\build\black_F407VE-EEPROM-SPI\lib119\SdFat\SdCard\SdSpiCard\SpiDriver\SdSpiSTM32Core.cpp.o
Compiling .pio\build\black_F407VE-EEPROM-SPI\lib119\SdFat\SdCard\SdSpiCard\SpiDriver\SdSpiTeensy3.cpp.o
Compiling .pio\build\black_F407VE-EEPROM-SPI\lib119\SdFat\SdCard\TeensySdio\TeensySdio.cpp.o
Compiling .pio\build\black_F407VE-EEPROM-SPI\lib119\SdFat\common\FmtNumber.cpp.o
Compiling .pio\build\black_F407VE-EEPROM-SPI\lib119\SdFat\common\FsCache.cpp.o
Compiling .pio\build\black_F407VE-EEPROM-SPI\lib119\SdFat\common\FsDateTime.cpp.o
Compiling .pio\build\black_F407VE-EEPROM-SPI\lib119\SdFat\common\FsName.cpp.o
Compiling .pio\build\black_F407VE-EEPROM-SPI\lib119\SdFat\common\FsStructs.cpp.o
Compiling .pio\build\black_F407VE-EEPROM-SPI\lib119\SdFat\common\FsUtf.cpp.o
Compiling .pio\build\black_F407VE-EEPROM-SPI\lib119\SdFat\common\PrintBasic.cpp.o
Compiling .pio\build\black_F407VE-EEPROM-SPI\lib119\SdFat\common\upcase.cpp.o
Compiling .pio\build\black_F407VE-EEPROM-SPI\lib119\SdFat\iostream\StdioStream.cpp.o
Compiling .pio\build\black_F407VE-EEPROM-SPI\lib119\SdFat\iostream\StreamBaseClass.cpp.o
Compiling .pio\build\black_F407VE-EEPROM-SPI\lib119\SdFat\iostream\istream.cpp.o
Compiling .pio\build\black_F407VE-EEPROM-SPI\lib119\SdFat\iostream\ostream.cpp.o
Compiling .pio\build\black_F407VE-EEPROM-SPI\FrameworkArduino\HardwareSerial.cpp.o
Compiling .pio\build\black_F407VE-EEPROM-SPI\FrameworkArduino\IPAddress.cpp.o
Compiling .pio\build\black_F407VE-EEPROM-SPI\FrameworkArduino\Print.cpp.o
Compiling .pio\build\black_F407VE-EEPROM-SPI\FrameworkArduino\RingBuffer.cpp.o
Compiling .pio\build\black_F407VE-EEPROM-SPI\FrameworkArduino\Stream.cpp.o
Compiling .pio\build\black_F407VE-EEPROM-SPI\FrameworkArduino\Tone.cpp.o
Compiling .pio\build\black_F407VE-EEPROM-SPI\FrameworkArduino\WInterrupts.cpp.o
Compiling .pio\build\black_F407VE-EEPROM-SPI\FrameworkArduino\WMath.cpp.o
Compiling .pio\build\black_F407VE-EEPROM-SPI\FrameworkArduino\WSerial.cpp.o
Compiling .pio\build\black_F407VE-EEPROM-SPI\FrameworkArduino\WString.cpp.o
Compiling .pio\build\black_F407VE-EEPROM-SPI\FrameworkArduino\abi.cpp.o
Compiling .pio\build\black_F407VE-EEPROM-SPI\FrameworkArduino\avr\dtostrf.c.o
Compiling .pio\build\black_F407VE-EEPROM-SPI\FrameworkArduino\board.c.o
Compiling .pio\build\black_F407VE-EEPROM-SPI\FrameworkArduino\core_debug.c.o
Compiling .pio\build\black_F407VE-EEPROM-SPI\FrameworkArduino\hooks.c.o
Compiling .pio\build\black_F407VE-EEPROM-SPI\FrameworkArduino\itoa.c.o
Compiling .pio\build\black_F407VE-EEPROM-SPI\FrameworkArduino\main.cpp.o
Compiling .pio\build\black_F407VE-EEPROM-SPI\FrameworkArduino\pins_arduino.c.o
Compiling .pio\build\black_F407VE-EEPROM-SPI\FrameworkArduino\stm32\startup_stm32yyxx.S.o
Compiling .pio\build\black_F407VE-EEPROM-SPI\FrameworkArduino\wiring_analog.c.o
Compiling .pio\build\black_F407VE-EEPROM-SPI\FrameworkArduino\wiring_digital.c.o
Compiling .pio\build\black_F407VE-EEPROM-SPI\FrameworkArduino\wiring_pulse.cpp.o
Compiling .pio\build\black_F407VE-EEPROM-SPI\FrameworkArduino\wiring_shift.c.o
Compiling .pio\build\black_F407VE-EEPROM-SPI\FrameworkArduino\wiring_time.c.o
Archiving .pio\build\black_F407VE-EEPROM-SPI\lib119\libSdFat.a
Archiving .pio\build\black_F407VE-EEPROM-SPI\libFrameworkArduino.a
Indexing .pio\build\black_F407VE-EEPROM-SPI\lib119\libSdFat.a
Indexing .pio\build\black_F407VE-EEPROM-SPI\libFrameworkArduino.a
Linking .pio\build\black_F407VE-EEPROM-SPI\firmware.elf
Checking size .pio\build\black_F407VE-EEPROM-SPI\firmware.elf
Advanced Memory Usage is available via "PlatformIO Home > Project Inspect"
RAM:   [==        ]  16.3% (used 21376 bytes from 131072 bytes)
Flash: [====      ]  37.1% (used 194420 bytes from 524288 bytes)
Building .pio\build\black_F407VE-EEPROM-SPI\firmware.bin
Adding dfu suffix to firmware.bin
dfu-suffix (dfu-util) 0.11

Copyright 2011-2012 Stefan Schmidt, 2013-2020 Tormod Volden
This program is Free Software and has ABSOLUTELY NO WARRANTY
Please report bugs to http://sourceforge.net/p/dfu-util/tickets/

Suffix successfully added to file
========================= [SUCCESS] Took 14.01 seconds =========================

Environment              Status    Duration
-----------------------  --------  ------------
black_F407VE-EEPROM-SPI  SUCCESS   00:00:14.013
========================= 1 succeeded in 00:00:14.013 =========================
